This file contains any messages produced by compilers while
running configure, to aid debugging if configure makes a mistake.

It was created by GNU C Library configure (see version.h), which was
generated by GNU Autoconf 2.72.  Invocation command line was

  $ ../configure --prefix=/usr --disable-multilib

## --------- ##
## Platform. ##
## --------- ##

hostname = DESKTOP-GVVAVGE
uname -m = x86_64
uname -r = 5.15.153.1-microsoft-standard-WSL2
uname -s = Linux
uname -v = #1 SMP Fri Mar 29 23:14:13 UTC 2024

/usr/bin/uname -p = x86_64
/bin/uname -X     = unknown

/bin/arch              = x86_64
/usr/bin/arch -k       = unknown
/usr/convex/getsysinfo = unknown
/usr/bin/hostinfo      = unknown
/bin/machine           = unknown
/usr/bin/oslevel       = unknown
/bin/universe          = unknown

PATH: /home/ethan/.vscode-server/bin/fee1edb8d6d72a0ddff41e5f71a671c23ed924b9/bin/remote-cli/
PATH: /opt/wonderful/bin/
PATH: /home/ethan/.local/bin/
PATH: /opt/devkitpro/tools/bin/
PATH: /usr/local/sbin/
PATH: /usr/local/bin/
PATH: /usr/sbin/
PATH: /usr/bin/
PATH: /sbin/
PATH: /bin/
PATH: /usr/games/
PATH: /usr/local/games/
PATH: /usr/lib/wsl/lib/
PATH: /mnt/c/Windows/system32/
PATH: /mnt/c/Windows/
PATH: /mnt/c/Windows/System32/Wbem/
PATH: /mnt/c/Windows/System32/WindowsPowerShell/v1.0/
PATH: /mnt/c/Windows/System32/OpenSSH/
PATH: /mnt/c/Program Files (x86)/Paragon Software/LinuxFS for Windows/
PATH: /mnt/c/Program Files/dotnet/
PATH: /mnt/c/Users/ethan/AppData/Local/Programs/Python/Python310/Scripts/
PATH: /mnt/c/Users/ethan/AppData/Local/Programs/Python/Python310/
PATH: /mnt/c/Users/ethan/AppData/Local/Microsoft/WindowsApps/
PATH: /mnt/c/Users/ethan/AppData/Local/Programs/Microsoft VS Code/bin/
PATH: /mnt/c/Users/ethan/AppData/Local/GitHubDesktop/bin/
PATH: /snap/bin/


## ----------- ##
## Core tests. ##
## ----------- ##

configure:2676: looking for aux files: install-sh config.guess config.sub
configure:2689:  trying ../scripts/
configure:2700:   ../scripts/install-sh found
configure:2718:   ../scripts/config.guess found
configure:2718:   ../scripts/config.sub found
configure:2918: checking build system type
configure:2934: result: x86_64-pc-linux-gnu
configure:2954: checking host system type
configure:2969: result: x86_64-pc-linux-gnu
configure:3053: checking for gcc
configure:3074: found /usr/bin/gcc
configure:3086: result: gcc
configure:3445: checking for C compiler version
configure:3454: gcc --version >&5
gcc (Ubuntu 11.4.0-1ubuntu1~22.04) 11.4.0
Copyright (C) 2021 Free Software Foundation, Inc.
This is free software; see the source for copying conditions.  There is NO
warranty; not even for MERCHANTABILITY or FITNESS FOR A PARTICULAR PURPOSE.

configure:3465: $? = 0
configure:3454: gcc -v >&5
Using built-in specs.
COLLECT_GCC=gcc
COLLECT_LTO_WRAPPER=/usr/lib/gcc/x86_64-linux-gnu/11/lto-wrapper
OFFLOAD_TARGET_NAMES=nvptx-none:amdgcn-amdhsa
OFFLOAD_TARGET_DEFAULT=1
Target: x86_64-linux-gnu
Configured with: ../src/configure -v --with-pkgversion='Ubuntu 11.4.0-1ubuntu1~22.04' --with-bugurl=file:///usr/share/doc/gcc-11/README.Bugs --enable-languages=c,ada,c++,go,brig,d,fortran,objc,obj-c++,m2 --prefix=/usr --with-gcc-major-version-only --program-suffix=-11 --program-prefix=x86_64-linux-gnu- --enable-shared --enable-linker-build-id --libexecdir=/usr/lib --without-included-gettext --enable-threads=posix --libdir=/usr/lib --enable-nls --enable-bootstrap --enable-clocale=gnu --enable-libstdcxx-debug --enable-libstdcxx-time=yes --with-default-libstdcxx-abi=new --enable-gnu-unique-object --disable-vtable-verify --enable-plugin --enable-default-pie --with-system-zlib --enable-libphobos-checking=release --with-target-system-zlib=auto --enable-objc-gc=auto --enable-multiarch --disable-werror --enable-cet --with-arch-32=i686 --with-abi=m64 --with-multilib-list=m32,m64,mx32 --enable-multilib --with-tune=generic --enable-offload-targets=nvptx-none=/build/gcc-11-XeT9lY/gcc-11-11.4.0/debian/tmp-nvptx/usr,amdgcn-amdhsa=/build/gcc-11-XeT9lY/gcc-11-11.4.0/debian/tmp-gcn/usr --without-cuda-driver --enable-checking=release --build=x86_64-linux-gnu --host=x86_64-linux-gnu --target=x86_64-linux-gnu --with-build-config=bootstrap-lto-lean --enable-link-serialization=2
Thread model: posix
Supported LTO compression algorithms: zlib zstd
gcc version 11.4.0 (Ubuntu 11.4.0-1ubuntu1~22.04) 
... rest of stderr output deleted ...
configure:3465: $? = 0
configure:3454: gcc -V >&5
gcc: error: unrecognized command-line option '-V'
gcc: fatal error: no input files
compilation terminated.
configure:3465: $? = 1
configure:3454: gcc -qversion >&5
gcc: error: unrecognized command-line option '-qversion'; did you mean '--version'?
gcc: fatal error: no input files
compilation terminated.
configure:3465: $? = 1
configure:3454: gcc -version >&5
gcc: error: unrecognized command-line option '-version'
gcc: fatal error: no input files
compilation terminated.
configure:3465: $? = 1
configure:3470: checking for suffix of object files
configure:3493: gcc -c   conftest.c >&5
configure:3497: $? = 0
configure:3521: result: o
configure:3525: checking whether the compiler supports GNU C
configure:3545: gcc -c   conftest.c >&5
configure:3545: $? = 0
configure:3557: result: yes
configure:3568: checking whether gcc accepts -g
configure:3589: gcc -c -g  conftest.c >&5
configure:3589: $? = 0
configure:3636: result: yes
configure:3656: checking for gcc option to enable C11 features
configure:3671: gcc  -c -g -O2  conftest.c >&5
configure:3671: $? = 0
configure:3690: result: none needed
configure:3964: checking for g++
configure:3985: found /usr/bin/g++
configure:3997: result: g++
configure:4024: checking for C++ compiler version
configure:4033: g++ --version >&5
g++ (Ubuntu 11.4.0-1ubuntu1~22.04) 11.4.0
Copyright (C) 2021 Free Software Foundation, Inc.
This is free software; see the source for copying conditions.  There is NO
warranty; not even for MERCHANTABILITY or FITNESS FOR A PARTICULAR PURPOSE.

configure:4044: $? = 0
configure:4033: g++ -v >&5
Using built-in specs.
COLLECT_GCC=g++
COLLECT_LTO_WRAPPER=/usr/lib/gcc/x86_64-linux-gnu/11/lto-wrapper
OFFLOAD_TARGET_NAMES=nvptx-none:amdgcn-amdhsa
OFFLOAD_TARGET_DEFAULT=1
Target: x86_64-linux-gnu
Configured with: ../src/configure -v --with-pkgversion='Ubuntu 11.4.0-1ubuntu1~22.04' --with-bugurl=file:///usr/share/doc/gcc-11/README.Bugs --enable-languages=c,ada,c++,go,brig,d,fortran,objc,obj-c++,m2 --prefix=/usr --with-gcc-major-version-only --program-suffix=-11 --program-prefix=x86_64-linux-gnu- --enable-shared --enable-linker-build-id --libexecdir=/usr/lib --without-included-gettext --enable-threads=posix --libdir=/usr/lib --enable-nls --enable-bootstrap --enable-clocale=gnu --enable-libstdcxx-debug --enable-libstdcxx-time=yes --with-default-libstdcxx-abi=new --enable-gnu-unique-object --disable-vtable-verify --enable-plugin --enable-default-pie --with-system-zlib --enable-libphobos-checking=release --with-target-system-zlib=auto --enable-objc-gc=auto --enable-multiarch --disable-werror --enable-cet --with-arch-32=i686 --with-abi=m64 --with-multilib-list=m32,m64,mx32 --enable-multilib --with-tune=generic --enable-offload-targets=nvptx-none=/build/gcc-11-XeT9lY/gcc-11-11.4.0/debian/tmp-nvptx/usr,amdgcn-amdhsa=/build/gcc-11-XeT9lY/gcc-11-11.4.0/debian/tmp-gcn/usr --without-cuda-driver --enable-checking=release --build=x86_64-linux-gnu --host=x86_64-linux-gnu --target=x86_64-linux-gnu --with-build-config=bootstrap-lto-lean --enable-link-serialization=2
Thread model: posix
Supported LTO compression algorithms: zlib zstd
gcc version 11.4.0 (Ubuntu 11.4.0-1ubuntu1~22.04) 
... rest of stderr output deleted ...
configure:4044: $? = 0
configure:4033: g++ -V >&5
g++: error: unrecognized command-line option '-V'
g++: fatal error: no input files
compilation terminated.
configure:4044: $? = 1
configure:4033: g++ -qversion >&5
g++: error: unrecognized command-line option '-qversion'; did you mean '--version'?
g++: fatal error: no input files
compilation terminated.
configure:4044: $? = 1
configure:4048: checking whether the compiler supports GNU C++
configure:4068: g++ -c   conftest.cpp >&5
configure:4068: $? = 0
configure:4080: result: yes
configure:4091: checking whether g++ accepts -g
configure:4112: g++ -c -g  conftest.cpp >&5
configure:4112: $? = 0
configure:4159: result: yes
configure:4179: checking for g++ option to enable C++11 features
configure:4194: g++  -c -g -O2  conftest.cpp >&5
conftest.cpp: In function 'int main(int, char**)':
conftest.cpp:177:25: warning: empty parentheses were disambiguated as a function declaration [-Wvexing-parse]
  177 |   cxx11test::delegate d2();
      |                         ^~
conftest.cpp:177:25: note: remove parentheses to default-initialize a variable
  177 |   cxx11test::delegate d2();
      |                         ^~
      |                         --
conftest.cpp:177:25: note: or replace parentheses with braces to value-initialize a variable
configure:4194: $? = 0
configure:4213: result: none needed
configure:4284: checking whether g++ can link programs
configure:4308: g++ -o conftest -g -O2   conftest.cpp  >&5
configure:4308: $? = 0
configure:4334: g++ -o conftest -g -O2   -static conftest.cpp  >&5
configure:4334: $? = 0
configure:4353: result: yes
configure:4809: gcc -E  conftest.c
configure:4809: $? = 0
configure:4906: checking for sysdeps preconfigure fragments
configure:6: checking for grep that handles long lines and -e
configure:70: result: /usr/bin/grep
configure:75: checking for egrep
configure:143: result: /usr/bin/grep -E
configure:6: checking for grep that handles long lines and -e
configure:70: result: /usr/bin/grep
configure:75: checking for egrep
configure:143: result: /usr/bin/grep -E
configure:9: checking whether gcc compiles in -mx32 mode by default
configure:28: gcc -c -g -O2  conftest.c >&5
conftest.c:14:3: error: #error not x32
   14 | # error not x32
      |   ^~~~~
configure:28: $? = 1
configure: failed program was:
| /* confdefs.h */
| #define PACKAGE_NAME "GNU C Library"
| #define PACKAGE_TARNAME "glibc"
| #define PACKAGE_VERSION "(see version.h)"
| #define PACKAGE_STRING "GNU C Library (see version.h)"
| #define PACKAGE_BUGREPORT "https://sourceware.org/bugzilla/"
| #define PACKAGE_URL "https://www.gnu.org/software/glibc/"
| #define PKGVERSION "(GNU libc) "
| #define REPORT_BUGS_TO "<https://www.gnu.org/software/libc/bugs.html>"
| #define TIMEOUTFACTOR 1
| #define USE_PPC_SCV 1
| /* end confdefs.h.  */
| #ifndef __ILP32__
| # error not x32
| #endif
| int
| main (void)
| {
| 
|   ;
|   return 0;
| }
configure:36: result: no
configure:4913: result: 
configure:4959: checking for a BSD-compatible install
configure:5033: result: /usr/bin/install -c
configure:5048: checking whether ln -s works
configure:5052: result: yes
configure:5252: checking for ld
configure:5285: result: ld
configure:5300: checking version of ld
configure:5310: result: 2.38, ok
configure:5327: checking for gnumake
configure:5363: result: no
configure:5327: checking for gmake
configure:5348: found /usr/bin/gmake
configure:5360: result: gmake
configure:5375: checking version of gmake
configure:5385: result: 4.3, ok
configure:5397: checking for gnumsgfmt
configure:5433: result: no
configure:5397: checking for gmsgfmt
configure:5433: result: no
configure:5397: checking for msgfmt
configure:5433: result: no
configure:5466: checking for makeinfo
configure:5487: found /usr/bin/makeinfo
configure:5499: result: makeinfo
configure:5514: checking version of makeinfo
configure:5524: result: 6.8, ok
configure:5535: checking for sed
configure:5556: found /usr/bin/sed
configure:5568: result: sed
configure:5583: checking version of sed
configure:5593: result: 4.8, ok
configure:5604: checking for gawk
configure:5625: found /usr/bin/gawk
configure:5637: result: gawk
configure:5652: checking version of gawk
configure:5662: result: 5.1.0, ok
configure:5673: checking for bison
configure:5694: found /usr/bin/bison
configure:5706: result: bison
configure:5721: checking version of bison
configure:5731: result: 3.8.2, ok
configure:5739: checking if gcc is sufficient to build libc
configure:5760: gcc -E  conftest.c
configure:5760: $? = 0
configure:5770: result: yes
configure:5860: checking for python3
configure:5881: found /usr/bin/python3
configure:5893: result: python3
configure:5908: checking version of python3
configure:5918: result: 3.10.12, ok
configure:5932: WARNING:
*** These auxiliary programs are missing or incompatible versions: msgfmt
*** some features or tests will be disabled.
*** Check the INSTALL file for required versions.
configure:5943: checking for use of fpu sysdeps directories
configure:5964: result: yes
configure:5968: checking for -fstack-protector
configure:5975: gcc -g -O2  -Werror -fstack-protector -xc /dev/null -S -o /dev/null
configure:5978: $? = 0
configure:5989: result: yes
configure:5992: checking for -fstack-protector-strong
configure:5999: gcc -g -O2  -Werror -fstack-protector-strong -xc /dev/null -S -o /dev/null
configure:6002: $? = 0
configure:6013: result: yes
configure:6016: checking for -fstack-protector-all
configure:6023: gcc -g -O2  -Werror -fstack-protector-all -xc /dev/null -S -o /dev/null
configure:6026: $? = 0
configure:6037: result: yes
configure:6080: checking for assembler and linker STT_GNU_IFUNC support

Relocation section '.rela.dyn' at offset 0x248 contains 1 entry:
  Offset          Info           Type           Sym. Value    Sym. Name + Addend
000000002000  000000000025 R_X86_64_IRELATIV                    1000
configure:6113: result: yes
configure:6117: checking for gcc attribute ifunc support
configure:6145: result: yes
configure:6150: checking whether the linker supports textrels along with ifunc
configure:6181: gcc -g -O2   -nostartfiles -nostdlib -fno-stack-protector -pie -o conftest conftest.S
/usr/bin/ld: /tmp/ccvfmZYa.o: warning: relocation against `address' in read-only section `.text'
/usr/bin/ld: warning: GNU indirect functions with DT_TEXTREL may result in a segfault at runtime; recompile with -fPIE
/usr/bin/ld: warning: creating DT_TEXTREL in a PIE
configure:6184: $? = 0
configure:6192: result: yes
configure:6197: checking for GNU attribute retain support
configure:6214: result: yes
configure:6224: checking if compiler warns about alias for function with incompatible types
conftest.c:9:34: error: 'foo_alias' alias between functions of incompatible types 'int(const void *, int)' and 'int (*(void))(const void *, int)' [-Werror=attribute-alias=]
    9 | extern __typeof (__redirect_foo) foo_alias __attribute__ ((alias ("foo")));
      |                                  ^~~~~~~~~
conftest.c:4:28: note: aliased declaration here
    4 | __typeof (__redirect_foo) *foo_impl (void)
      |                            ^~~~~~~~
cc1: all warnings being treated as errors
configure:6248: result: yes
configure:6286: checking sysdep dirs
configure:6484: result: sysdeps/generic
configure:6532: checking LD_LIBRARY_PATH variable
configure:6542: result: ok
configure:6553: checking for bash
configure:6576: found /usr/bin/bash
configure:6590: result: /usr/bin/bash
configure:6601: checking for perl
configure:6624: found /usr/bin/perl
configure:6638: result: /usr/bin/perl
configure:6652: checking for install-info
configure:6676: found /usr/bin/install-info
configure:6690: result: /usr/bin/install-info
configure:6699: checking for .set assembler directive
configure:6727: result: yes
configure:6734: checking linker support for protected data symbol
configure:6745: gcc -nostdlib -nostartfiles -fno-stack-protector -fPIC -shared conftest.c -o conftest.so
configure:6748: $? = 0
configure:6755: gcc -nostdlib -nostartfiles -fno-stack-protector conftest.c -o conftest conftest.so
/usr/bin/ld: warning: cannot find entry symbol _start; defaulting to 0000000000001000
configure:6758: $? = 0
configure:6767: result: yes
configure:6771: checking linker support for INSERT in linker script
configure:6790: gcc -nostdlib -nostartfiles -fno-stack-protector -fPIC -shared conftest.c -Wl,-T,conftest.t -o conftest.so
configure:6793: $? = 0
configure:6801: result: yes
configure:6805: checking for broken __attribute__((alias()))
configure:6821: gcc -Werror -S conftest.c -o conftest.s 1>&5
configure:6824: $? = 0
configure:6835: result: no
configure:6841: checking whether to put _rtld_local into .sdata section
configure:6857: result: no
configure:6864: checking for libunwind-support in compiler
configure:6883: result: no
configure:6892: checking whether --noexecstack is desirable for .S files
configure:6903: gcc -g -O2 
		   -S -o conftest.s conftest.c 1>&5
configure:6906: $? = 0
configure:6911: gcc  -Wa,--noexecstack
		      -c -o conftest.o conftest.s 1>&5
configure:6914: $? = 0
configure:6924: result: yes
configure:6931: checking for linker that supports -z execstack
configure:6941: gcc -g -O2   -fno-stack-protector
		  -Wl,-z,execstack -nostdlib -nostartfiles
		  -fPIC -shared -o conftest.so conftest.c
		  1>&5
configure:6944: $? = 0
configure:6961: result: yes
configure:6965: checking for linker that supports -z start-stop-gc
configure:6975: gcc -g -O2   -fno-stack-protector
		  -Wl,-z,start-stop-gc -nostdlib -nostartfiles
		  -fPIC -shared -o conftest.so conftest.c
		  1>&5
configure:6978: $? = 0
configure:6995: result: yes
configure:7000: checking for linker that supports --depaudit
configure:7010: gcc -g -O2   -fno-stack-protector
		  -Wl,--depaudit,x -nostdlib -nostartfiles
		  -fPIC -shared -o conftest.so conftest.c
		  1>&5
configure:7013: $? = 0
configure:7030: result: yes
configure:7035: checking for linker that supports -z pack-relative-relocs
configure:7045: gcc -g -O2   -fno-stack-protector
		  -Wl,-z,pack-relative-relocs -nostdlib -nostartfiles
		  -fPIC -shared -o conftest.so conftest.c
		  1>&5
configure:7048: $? = 0
configure:7065: result: yes
configure:7070: checking for linker that supports --no-dynamic-linker
configure:7080: gcc -g -O2   -fno-stack-protector
		  -Wl,--no-dynamic-linker -nostdlib -nostartfiles
		  -fPIC -shared -o conftest.so conftest.c
		  1>&5
configure:7083: $? = 0
configure:7100: result: yes
configure:7105: checking for -static-pie
configure:7112: gcc -static-pie -xc /dev/null -S -o /dev/null
configure:7115: $? = 0
configure:7126: result: yes
configure:7131: checking for -fpie
configure:7138: gcc -fpie -xc /dev/null -S -o /dev/null
configure:7141: $? = 0
configure:7152: result: yes
configure:7157: checking for GLOB_DAT reloc
configure:7171: gcc -g -O2  
			-fPIC -shared -o conftest.so conftest.c
			-nostdlib -nostartfiles -fno-stack-protector
			1>&5
configure:7174: $? = 0
configure:7188: result: yes
configure:7192: checking for tls descriptor support
configure:7207: gcc -g -O2  -fPIC -mtls-dialect=gnu2 -nostdlib -nostartfiles
		   -shared conftest.c -o conftest 1>&5
configure:7210: $? = 0
configure:7220: result: gnu2
configure:7226: checking if -Wno-ignored-attributes is required for aliases
configure:7241: gcc -g -O2  -Werror -c conftest.c
configure:7244: $? = 0
configure:7252: result: 
configure:7257: checking whether cc puts quotes around section names
configure:7280: result: no
configure:7287: checking for __builtin_memset
configure:7300: gcc -O3 -S conftest.c -o - | grep -F memset > /dev/null
configure:7303: $? = 1
configure:7313: result: yes
configure:7320: checking for redirection of built-in functions
configure:7334: gcc -O3 -S conftest.c -o - | grep -F my_strstr > /dev/null
configure:7337: $? = 0
configure:7347: result: yes
configure:7353: checking for compiler option to disable generation of FMA instructions
configure:7362: gcc -ffp-contract=off -xc /dev/null -S -o /dev/null
configure:7365: $? = 0
configure:7373: result: -ffp-contract=off
configure:7408: checking for compiler option that -fsignaling-nans
configure:7415: gcc -Werror -fsignaling-nans -xc /dev/null -S -o /dev/null
configure:7418: $? = 0
configure:7429: result: -fsignaling-nans
configure:7434: checking if gcc accepts -fno-tree-loop-distribute-patterns with __attribute__ ((__optimize__))
configure:7449: gcc -g -O2  -c conftest.c
configure:7452: $? = 0
configure:7460: result: yes
configure:7468: checking for libgd
configure:7488: gcc -o conftest -g -O2     conftest.c  -lgd -lpng -lz -lm >&5
conftest.c:20:10: fatal error: gd.h: No such file or directory
   20 | #include <gd.h>
      |          ^~~~~~
compilation terminated.
configure:7488: $? = 1
configure: failed program was:
| /* confdefs.h */
| #define PACKAGE_NAME "GNU C Library"
| #define PACKAGE_TARNAME "glibc"
| #define PACKAGE_VERSION "(see version.h)"
| #define PACKAGE_STRING "GNU C Library (see version.h)"
| #define PACKAGE_BUGREPORT "https://sourceware.org/bugzilla/"
| #define PACKAGE_URL "https://www.gnu.org/software/glibc/"
| #define PKGVERSION "(GNU libc) "
| #define REPORT_BUGS_TO "<https://www.gnu.org/software/libc/bugs.html>"
| #define TIMEOUTFACTOR 1
| #define USE_PPC_SCV 1
| #define HAVE_CC_NO_STACK_PROTECTOR 1
| #define STACK_PROTECTOR_LEVEL 0
| #define HAVE_GNU_RETAIN 1
| #define USE_MULTIARCH 1
| #define HAVE_ASM_SET_DIRECTIVE 1
| #define HAVE_BUILTIN_MEMSET 1
| #define HAVE_CC_INHIBIT_LOOP_TO_LIBCALL 1
| /* end confdefs.h.  */
| #include <gd.h>
| int
| main (void)
| {
| gdImagePng (0, 0)
|   ;
|   return 0;
| }
configure:7503: result: no
configure:7512: checking for is_selinux_enabled in -lselinux
configure:7541: gcc -o conftest -g -O2   conftest.c -lselinux   >&5
configure:7541: $? = 0
configure:7553: result: yes
configure:7576: checking for audit_log_user_avc_message in -laudit
configure:7605: gcc -o conftest -g -O2   conftest.c -laudit   >&5
/usr/bin/ld: cannot find -laudit: No such file or directory
collect2: error: ld returned 1 exit status
configure:7605: $? = 1
configure: failed program was:
| /* confdefs.h */
| #define PACKAGE_NAME "GNU C Library"
| #define PACKAGE_TARNAME "glibc"
| #define PACKAGE_VERSION "(see version.h)"
| #define PACKAGE_STRING "GNU C Library (see version.h)"
| #define PACKAGE_BUGREPORT "https://sourceware.org/bugzilla/"
| #define PACKAGE_URL "https://www.gnu.org/software/glibc/"
| #define PKGVERSION "(GNU libc) "
| #define REPORT_BUGS_TO "<https://www.gnu.org/software/libc/bugs.html>"
| #define TIMEOUTFACTOR 1
| #define USE_PPC_SCV 1
| #define HAVE_CC_NO_STACK_PROTECTOR 1
| #define STACK_PROTECTOR_LEVEL 0
| #define HAVE_GNU_RETAIN 1
| #define USE_MULTIARCH 1
| #define HAVE_ASM_SET_DIRECTIVE 1
| #define HAVE_BUILTIN_MEMSET 1
| #define HAVE_CC_INHIBIT_LOOP_TO_LIBCALL 1
| #define HAVE_SELINUX 1
| /* end confdefs.h.  */
| 
| /* Override any GCC internal prototype to avoid an error.
|    Use char because int might match the return type of a GCC
|    builtin and then its argument prototype would still apply.
|    The 'extern "C"' is for builds by C++ compilers;
|    although this is not generally supported in C code supporting it here
|    has little cost and some practical benefit (sr 110532).  */
| #ifdef __cplusplus
| extern "C"
| #endif
| char audit_log_user_avc_message (void);
| int
| main (void)
| {
| return audit_log_user_avc_message ();
|   ;
|   return 0;
| }
configure:7617: result: no
configure:7635: checking for cap_init in -lcap
configure:7664: gcc -o conftest -g -O2   conftest.c -lcap   >&5
/usr/bin/ld: cannot find -lcap: No such file or directory
collect2: error: ld returned 1 exit status
configure:7664: $? = 1
configure: failed program was:
| /* confdefs.h */
| #define PACKAGE_NAME "GNU C Library"
| #define PACKAGE_TARNAME "glibc"
| #define PACKAGE_VERSION "(see version.h)"
| #define PACKAGE_STRING "GNU C Library (see version.h)"
| #define PACKAGE_BUGREPORT "https://sourceware.org/bugzilla/"
| #define PACKAGE_URL "https://www.gnu.org/software/glibc/"
| #define PKGVERSION "(GNU libc) "
| #define REPORT_BUGS_TO "<https://www.gnu.org/software/libc/bugs.html>"
| #define TIMEOUTFACTOR 1
| #define USE_PPC_SCV 1
| #define HAVE_CC_NO_STACK_PROTECTOR 1
| #define STACK_PROTECTOR_LEVEL 0
| #define HAVE_GNU_RETAIN 1
| #define USE_MULTIARCH 1
| #define HAVE_ASM_SET_DIRECTIVE 1
| #define HAVE_BUILTIN_MEMSET 1
| #define HAVE_CC_INHIBIT_LOOP_TO_LIBCALL 1
| #define HAVE_SELINUX 1
| /* end confdefs.h.  */
| 
| /* Override any GCC internal prototype to avoid an error.
|    Use char because int might match the return type of a GCC
|    builtin and then its argument prototype would still apply.
|    The 'extern "C"' is for builds by C++ compilers;
|    although this is not generally supported in C code supporting it here
|    has little cost and some practical benefit (sr 110532).  */
| #ifdef __cplusplus
| extern "C"
| #endif
| char cap_init (void);
| int
| main (void)
| {
| return cap_init ();
|   ;
|   return 0;
| }
configure:7676: result: no
configure:7698: checking for maximum supported _FORTIFY_SOURCE level
configure:7716: gcc -o conftest -g -O2   conftest.c  >&5
conftest.c: In function 'main':
conftest.c:25:1: warning: implicit declaration of function '__builtin_dynamic_object_size'; did you mean '__builtin_object_size'? [-Wimplicit-function-declaration]
   25 | __builtin_dynamic_object_size("", 0)
      | ^~~~~~~~~~~~~~~~~~~~~~~~~~~~~
      | __builtin_object_size
/usr/bin/ld: /tmp/ccGbmmHZ.o: in function `main':
/home/ethan/AshDOS-main/glibc/build/conftest.c:25: undefined reference to `__builtin_dynamic_object_size'
collect2: error: ld returned 1 exit status
configure:7716: $? = 1
configure: failed program was:
| /* confdefs.h */
| #define PACKAGE_NAME "GNU C Library"
| #define PACKAGE_TARNAME "glibc"
| #define PACKAGE_VERSION "(see version.h)"
| #define PACKAGE_STRING "GNU C Library (see version.h)"
| #define PACKAGE_BUGREPORT "https://sourceware.org/bugzilla/"
| #define PACKAGE_URL "https://www.gnu.org/software/glibc/"
| #define PKGVERSION "(GNU libc) "
| #define REPORT_BUGS_TO "<https://www.gnu.org/software/libc/bugs.html>"
| #define TIMEOUTFACTOR 1
| #define USE_PPC_SCV 1
| #define HAVE_CC_NO_STACK_PROTECTOR 1
| #define STACK_PROTECTOR_LEVEL 0
| #define HAVE_GNU_RETAIN 1
| #define USE_MULTIARCH 1
| #define HAVE_ASM_SET_DIRECTIVE 1
| #define HAVE_BUILTIN_MEMSET 1
| #define HAVE_CC_INHIBIT_LOOP_TO_LIBCALL 1
| #define HAVE_SELINUX 1
| /* end confdefs.h.  */
| 
| int
| main (void)
| {
| __builtin_dynamic_object_size("", 0)
|   ;
|   return 0;
| }
configure:7728: result: 2
configure:7761: checking whether the assembler requires one version per symbol
configure:7784: result: no
configure:7791: checking for __builtin_trap with no external dependencies
configure:7809: gcc -c -g -O2  conftest.c >&5
configure:7809: $? = 0
libc_undefs=''
configure:7825: result: yes
configure:7839: checking whether the C++ compiler supports thread_local
configure:7868: g++ -c -g -O2 -std=gnu++11  conftest.cpp >&5
configure:7868: $? = 0
configure:7880: result: yes
configure:7911: result: running configure fragment for sysdeps/unix/sysv/linux/x86_64/64
configure:7911: result: running configure fragment for sysdeps/unix/sysv/linux/x86_64
configure:7911: result: running configure fragment for sysdeps/unix/sysv/linux
configure:10: checking installed Linux kernel header files
configure:30: gcc -E  conftest.c
configure:30: $? = 0
configure:40: result: 3.2.0 or later
configure:74: checking for kernel header at least 3.2.0
configure:93: gcc -E  conftest.c
configure:93: $? = 0
configure:101: result: ok
configure:148: checking for symlinks in /usr/include
configure:165: result: ok
configure:7911: result: running configure fragment for sysdeps/gnu
configure:7911: result: running configure fragment for sysdeps/x86_64
configure:4: checking -mprefer-vector-width=128
configure:11: gcc -mprefer-vector-width=128 -xc /dev/null -S -o /dev/null
configure:14: $? = 0
configure:25: result: yes
configure:30: checking for linker that supports -z mark-plt
configure:40: gcc -g -O2   -fno-stack-protector
		  -Wl,-z,mark-plt -nostdlib -nostartfiles
		  -fPIC -shared -o conftest.so conftest.c
		  1>&5
/usr/bin/ld: warning: -z mark-plt ignored
configure:43: $? = 0
configure:60: result: no
configure:71: checking whether CET can be enabled
configure:83: gcc -c -g -O2 -fcf-protection -include cet.h conftest.c 1>&5
conftest.c:2:16: warning: missing terminating ' character
    2 | # error CET isn't available.
      |                ^
configure:86: $? = 0
configure:95: result: yes
configure:103: checking whether assembler supports CET
configure:113: gcc -c -g -O2 conftest.s -o conftest.o 1>&5
configure:116: $? = 0
configure:125: result: yes
configure:142: checking whether -mamx-tile works properly
configure:153: gcc -E -g -O2 -mamx-tile conftest.c > conftest.i
configure:156: $? = 0
configure:165: result: no
configure:171: checking whether -mapxf is enabled
configure:184: gcc -c -g -O2 conftest.c -o conftest.o 1>&5
conftest.c:2:16: warning: missing terminating ' character
    2 | # error APX isn't enabled
      |                ^
conftest.c:2:3: error: #error APX isn't enabled
    2 | # error APX isn't enabled
      |   ^~~~~
configure:187: $? = 1
configure:194: result: no
configure:7911: result: running configure fragment for sysdeps/x86
configure:5: checking for linker x86 ISA level support
configure:63: gcc -g -O2  -nostartfiles -nostdlib -r -o conftest conftest1.S conftest2.S
configure:66: $? = 0
configure:76: result: yes
configure:81: checking for LAHF/SAHF instruction support
configure:89: gcc -g -O2  -fverbose-asm -S -o - -x c /dev/null
configure:92: $? = 0
configure:98: result: no
configure:105: checking for MOVBE instruction support
configure:113: gcc -g -O2  -fverbose-asm -S -o - -x c /dev/null
configure:116: $? = 0
configure:122: result: no
configure:131: checking for ISA level support
configure:157: result: baseline
configure:7976: checking whether -fPIC is default
conftest.c:2:3: error: #error PIC is default.
    2 | # error PIC is default.
      |   ^~~~~
configure:7994: result: yes
configure:7999: checking whether -fPIE is default
conftest.c:2:3: error: #error PIE is default.
    2 | # error PIE is default.
      |   ^~~~~
configure:8017: result: yes
configure:8022: checking if we can build programs as PIE
configure:8030: gcc -c -g -O2  conftest.c >&5
configure:8030: $? = 0
configure:8038: result: yes
configure:8050: checking if we can build static PIE programs
configure:8061: gcc -c -g -O2  conftest.c >&5
configure:8061: $? = 0
configure:8070: result: yes
configure:8220: creating ./config.status

## ---------------------- ##
## Running config.status. ##
## ---------------------- ##

This file was extended by GNU C Library config.status (see version.h), which was
generated by GNU Autoconf 2.72.  Invocation command line was

  CONFIG_FILES    = 
  CONFIG_HEADERS  = 
  CONFIG_LINKS    = 
  CONFIG_COMMANDS = 
  $ ./config.status 

on DESKTOP-GVVAVGE

config.status:963: creating config.make
config.status:963: creating Makefile
config.status:963: creating config.h
config.status:1123: config.h is unchanged
config.status:1137: executing default commands

## ---------------- ##
## Cache variables. ##
## ---------------- ##

ac_cv_build=x86_64-pc-linux-gnu
ac_cv_c_compiler_gnu=yes
ac_cv_cxx_compiler_gnu=yes
ac_cv_env_CCC_set=
ac_cv_env_CCC_value=
ac_cv_env_CC_set=
ac_cv_env_CC_value=
ac_cv_env_CFLAGS_set=
ac_cv_env_CFLAGS_value=
ac_cv_env_CPPFLAGS_set=
ac_cv_env_CPPFLAGS_value=
ac_cv_env_CPP_set=
ac_cv_env_CPP_value=
ac_cv_env_CXXFLAGS_set=
ac_cv_env_CXXFLAGS_value=
ac_cv_env_CXX_set=
ac_cv_env_CXX_value=
ac_cv_env_LDFLAGS_set=
ac_cv_env_LDFLAGS_value=
ac_cv_env_LIBS_set=
ac_cv_env_LIBS_value=
ac_cv_env_build_alias_set=
ac_cv_env_build_alias_value=
ac_cv_env_host_alias_set=
ac_cv_env_host_alias_value=
ac_cv_env_target_alias_set=
ac_cv_env_target_alias_value=
ac_cv_host=x86_64-pc-linux-gnu
ac_cv_lib_audit_audit_log_user_avc_message=no
ac_cv_lib_cap_cap_init=no
ac_cv_lib_selinux_is_selinux_enabled=yes
ac_cv_objext=o
ac_cv_path_BASH_SHELL=/usr/bin/bash
ac_cv_path_EGREP='/usr/bin/grep -E'
ac_cv_path_GREP=/usr/bin/grep
ac_cv_path_INSTALL_INFO=/usr/bin/install-info
ac_cv_path_PERL=/usr/bin/perl
ac_cv_path_install='/usr/bin/install -c'
ac_cv_prog_AWK=gawk
ac_cv_prog_BISON=bison
ac_cv_prog_LD=ld
ac_cv_prog_MAKE=gmake
ac_cv_prog_MAKEINFO=makeinfo
ac_cv_prog_PYTHON_PROG=python3
ac_cv_prog_SED=sed
ac_cv_prog_ac_ct_CC=gcc
ac_cv_prog_ac_ct_CXX=g++
ac_cv_prog_cc_c11=
ac_cv_prog_cc_g=yes
ac_cv_prog_cc_stdc=
ac_cv_prog_cxx_cxx11=
ac_cv_prog_cxx_g=yes
ac_cv_prog_cxx_stdcxx=
libc_cv_as_noexecstack=yes
libc_cv_asm_set_directive=yes
libc_cv_broken_alias_attribute=no
libc_cv_builtin_trap=yes
libc_cv_cc_loop_to_function=yes
libc_cv_cc_mprefer_vector_width=yes
libc_cv_cc_nofma=-ffp-contract=off
libc_cv_cc_pie_default=yes
libc_cv_cc_signaling_nans=-fsignaling-nans
libc_cv_cc_with_libunwind=no
libc_cv_compiler_default_cet=yes
libc_cv_compiler_ok=yes
libc_cv_complocaledir='${exec_prefix}/lib/locale'
libc_cv_cxx_link_ok=yes
libc_cv_cxx_thread_local=yes
libc_cv_depaudit=yes
libc_cv_dt_relr=yes
libc_cv_fortify_source=no
libc_cv_fpie=yes
libc_cv_gcc_builtin_memset=yes
libc_cv_gcc_builtin_redirection=yes
libc_cv_gcc_incompatible_alias=yes
libc_cv_gcc_indirect_function=yes
libc_cv_gcc_unwind_find_fde=no
libc_cv_gnu_retain=yes
libc_cv_has_glob_dat=yes
libc_cv_have_sdata_section=no
libc_cv_have_section_quotes=no
libc_cv_have_x86_isa_level=baseline
libc_cv_have_x86_lahf_sahf=no
libc_cv_have_x86_movbe=no
libc_cv_idn=no
libc_cv_include_x86_isa_level=yes
libc_cv_insert=yes
libc_cv_ld_gnu_indirect_function=yes
libc_cv_linux320='3.2.0 or later'
libc_cv_localstatedir=/var
libc_cv_mtls_descriptor=gnu2
libc_cv_multidir=.
libc_cv_no_dynamic_linker=yes
libc_cv_pic_default=yes
libc_cv_pie_supported=yes
libc_cv_protected_data=yes
libc_cv_rootsbindir=/sbin
libc_cv_rtlddir=/lib64
libc_cv_slibdir=/lib64
libc_cv_ssp=yes
libc_cv_ssp_all=yes
libc_cv_ssp_strong=yes
libc_cv_static_pie=yes
libc_cv_static_pie_supported=yes
libc_cv_supported_fortify_source=2
libc_cv_symver_needs_alias=no
libc_cv_sysconfdir=/etc
libc_cv_textrel_ifunc=yes
libc_cv_with_fp=yes
libc_cv_with_lld=no
libc_cv_wno_ignored_attributes=
libc_cv_x32=no
libc_cv_x86_cet_as=yes
libc_cv_x86_cet_available=yes
libc_cv_x86_have_amx_tile=no
libc_cv_x86_have_apx=no
libc_cv_z_execstack=yes
libc_cv_z_mark_plt=no
libc_cv_z_start_stop_gc=yes

## ----------------- ##
## Output variables. ##
## ----------------- ##

AR='ar'
ASFLAGS_config=' -Wa,--noexecstack'
AUTOCONF='no'
AWK='gawk'
BASH_SHELL='/usr/bin/bash'
BISON='bison'
BUILD_CC=''
CC='gcc'
CFLAGS='-g -O2'
CPP='gcc -E'
CPPFLAGS=''
CXX='g++'
CXXFLAGS='-g -O2'
CXX_BITS_STD_ABS_H='/usr/include/c++/11/bits/std_abs.h'
CXX_CMATH_HEADER='/usr/include/c++/11/cmath'
CXX_CSTDLIB_HEADER='/usr/include/c++/11/cstdlib'
CXX_SYSINCLUDES=''
DEFINES=''
DEFS='-DHAVE_CONFIG_H'
ECHO_C=''
ECHO_N='-n'
ECHO_T=''
GPROF='gprof'
INSTALL_DATA='${INSTALL} -m 644'
INSTALL_INFO='/usr/bin/install-info'
INSTALL_PROGRAM='${INSTALL}'
INSTALL_SCRIPT='${INSTALL}'
LD='ld'
LDFLAGS=''
LIBGD='no'
LIBOBJS=''
LIBS=''
LN_S='ln -s'
LTLIBOBJS=''
MAKE='gmake'
MAKEINFO='makeinfo'
MSGFMT=':'
NM='nm'
OBJCOPY='objcopy'
OBJDUMP='objdump'
OBJEXT='o'
PACKAGE_BUGREPORT='https://sourceware.org/bugzilla/'
PACKAGE_NAME='GNU C Library'
PACKAGE_STRING='GNU C Library (see version.h)'
PACKAGE_TARNAME='glibc'
PACKAGE_URL='https://www.gnu.org/software/glibc/'
PACKAGE_VERSION='(see version.h)'
PATH_SEPARATOR=':'
PERL='/usr/bin/perl'
PKGVERSION='(GNU libc) '
PKGVERSION_TEXI='(GNU libc) '
PYTHON='python3 -B'
PYTHON_PROG='python3'
READELF='readelf'
RELEASE='development'
REPORT_BUGS_TEXI='@uref{https://www.gnu.org/software/libc/bugs.html}'
REPORT_BUGS_TO='<https://www.gnu.org/software/libc/bugs.html>'
SED='sed'
SHELL='/bin/bash'
SYSINCLUDES=''
VERSION='2.40.9000'
ac_ct_CC='gcc'
ac_ct_CXX='g++'
base_machine='x86_64'
bindir='${exec_prefix}/bin'
bindnow='no'
build='x86_64-pc-linux-gnu'
build_alias=''
build_cpu='x86_64'
build_nscd='yes'
build_os='linux-gnu'
build_pt_chown='no'
build_vendor='pc'
cross_compiling='no'
datadir='${datarootdir}'
datarootdir='${prefix}/share'
docdir='${datarootdir}/doc/${PACKAGE_TARNAME}'
dvidir='${docdir}'
enable_fortify_source='no'
enable_timezone_tools='yes'
enable_werror='yes'
exec_prefix='${prefix}'
extra_nonshared_cflags=''
force_install='yes'
fortify_source='-Wp,-U_FORTIFY_SOURCE'
hardcoded_path_in_tests='no'
have_libaudit='no'
have_libcap='no'
have_selinux='yes'
host='x86_64-pc-linux-gnu'
host_alias=''
host_cpu='x86_64'
host_os='linux-gnu'
host_vendor='pc'
htmldir='${docdir}'
includedir='${prefix}/include'
infodir='${datarootdir}/info'
ldd_rewrite_script='sysdeps/unix/sysv/linux/x86_64/ldd-rewrite.sed'
libc_cv_cc_loop_to_function='yes'
libc_cv_cc_nofma='-ffp-contract=off'
libc_cv_cc_submachine=''
libc_cv_cc_with_libunwind='no'
libc_cv_complocaledir='${exec_prefix}/lib/locale'
libc_cv_cxx_thread_local='yes'
libc_cv_fortify_source='no'
libc_cv_fpie='yes'
libc_cv_gcc_unwind_find_fde='no'
libc_cv_has_glob_dat='yes'
libc_cv_insert='yes'
libc_cv_localstatedir='/var'
libc_cv_mtls_descriptor='gnu2'
libc_cv_multidir='.'
libc_cv_protected_data='yes'
libc_cv_rootsbindir='/sbin'
libc_cv_rtlddir='/lib64'
libc_cv_slibdir='/lib64'
libc_cv_ssp='yes'
libc_cv_sysconfdir='/etc'
libc_cv_textrel_ifunc='yes'
libc_cv_with_fp='yes'
libc_cv_z_execstack='yes'
libc_extra_cflags=''
libc_extra_cppflags=''
libdir='${exec_prefix}/lib64'
libexecdir='${exec_prefix}/libexec'
localedir='${datarootdir}/locale'
localstatedir='${prefix}/var'
mach_interface_list=''
man_pages_version='6.9.1'
mandir='${datarootdir}/man'
memory_tagging='no'
multi_arch='default'
no_fortify_source='-Wp,-U_FORTIFY_SOURCE'
no_stack_protector='-fno-stack-protector -DSTACK_PROTECTOR_LEVEL=0'
oldincludedir='/usr/include'
pdfdir='${docdir}'
prefix='/usr'
profile='no'
program_transform_name='s,x,x,'
psdir='${docdir}'
pthread_in_libc='yes'
rtld_early_cflags=''
runstatedir='${localstatedir}/run'
sbindir='${exec_prefix}/sbin'
shared='yes'
sharedstatedir='${prefix}/com'
stack_protector='-fno-stack-protector'
static=''
static_nss='no'
subdirs=' '
submachine=''
sysconfdir='${prefix}/etc'
sysheaders=''
sysnames=' sysdeps/unix/sysv/linux/x86_64/64 sysdeps/unix/sysv/linux/x86_64 sysdeps/unix/sysv/linux/x86 sysdeps/x86/nptl sysdeps/unix/sysv/linux/wordsize-64 sysdeps/x86_64/nptl sysdeps/unix/sysv/linux sysdeps/nptl sysdeps/pthread sysdeps/gnu sysdeps/unix/inet sysdeps/unix/sysv sysdeps/unix/x86_64 sysdeps/unix sysdeps/posix sysdeps/x86_64/64 sysdeps/x86_64/fpu/multiarch sysdeps/x86_64/fpu sysdeps/x86/fpu sysdeps/x86_64/multiarch sysdeps/x86_64 sysdeps/x86 sysdeps/ieee754/float128 sysdeps/ieee754/ldbl-96 sysdeps/ieee754/dbl-64 sysdeps/ieee754/flt-32 sysdeps/wordsize-64 sysdeps/ieee754 sysdeps/generic'
target_alias=''
use_ldconfig='yes'
use_nscd='yes'

## ----------- ##
## confdefs.h. ##
## ----------- ##

/* confdefs.h */
#define PACKAGE_NAME "GNU C Library"
#define PACKAGE_TARNAME "glibc"
#define PACKAGE_VERSION "(see version.h)"
#define PACKAGE_STRING "GNU C Library (see version.h)"
#define PACKAGE_BUGREPORT "https://sourceware.org/bugzilla/"
#define PACKAGE_URL "https://www.gnu.org/software/glibc/"
#define PKGVERSION "(GNU libc) "
#define REPORT_BUGS_TO "<https://www.gnu.org/software/libc/bugs.html>"
#define TIMEOUTFACTOR 1
#define USE_PPC_SCV 1
#define HAVE_CC_NO_STACK_PROTECTOR 1
#define STACK_PROTECTOR_LEVEL 0
#define HAVE_GNU_RETAIN 1
#define USE_MULTIARCH 1
#define HAVE_ASM_SET_DIRECTIVE 1
#define HAVE_BUILTIN_MEMSET 1
#define HAVE_CC_INHIBIT_LOOP_TO_LIBCALL 1
#define HAVE_SELINUX 1
#define HAVE_BUILTIN_TRAP 1
#define __LINUX_KERNEL_VERSION (3 * 65536 + 2 * 256 + 0)
#define __LINUX_KERNEL_VERSION_STR "3.2.0"
#define __ABI_TAG_VERSION 3,2,0
#define HAVE_INLINED_SYSCALLS 1
#define DEFAULT_DL_X86_CET_CONTROL cet_elf_property
#define INCLUDE_X86_ISA_LEVEL 1
#define MINIMUM_X86_ISA_LEVEL 1
#define SUPPORT_STATIC_PIE 1
#define HAVE_IFUNC 1
#define HAVE_GCC_IFUNC 1
#define USE_NSCD 1
#define USE_LDCONFIG 1
#define ENABLE_STATIC_PIE 1
#define PTHREAD_IN_LIBC 1

configure: exit 0
